Microsoft Windows [Version 10.0.22621.2070]
(c) Microsoft Corporation. All rights reserved.

C:\Users\amhab\Desktop\codefirst>git clone https://github.com/amir-hosein-abdolahi/codefirst.git
Cloning into 'codefirst'...
remote: Enumerating objects: 17, done.
remote: Counting objects: 100% (17/17), done.
remote: Compressing objects: 100% (16/16), done.
remote: Total 17 (delta 2), reused 0 (delta 0), pack-reused 0Receiving objects:  82%Receiving objects:  88% (15/17)
Receiving objects: 100% (17/17), 9.75 KiB | 195.00 KiB/s, done.
Resolving deltas: 100% (2/2), done.

C:\Users\amhab\Desktop\codefirst>git branch
fatal: not a git repository (or any of the parent directories): .git

C:\Users\amhab\Desktop\codefirst>cd codefirst

C:\Users\amhab\Desktop\codefirst\codefirst>git branch
* main

C:\Users\amhab\Desktop\codefirst\codefirst>git branch amirhosein

C:\Users\amhab\Desktop\codefirst\codefirst>git branch
  amirhosein
* main

C:\Users\amhab\Desktop\codefirst\codefirst>git switch amirhosein
Switched to branch 'amirhosein'

C:\Users\amhab\Desktop\codefirst\codefirst>git branch
* amirhosein
  main

C:\Users\amhab\Desktop\codefirst\codefirst>git status
On branch amirhosein
Untracked files:
  (use "git add <file>..." to include in what will be committed)
        amir.txt

nothing added to commit but untracked files present (use "git add" to track)

C:\Users\amhab\Desktop\codefirst\codefirst>git add .

C:\Users\amhab\Desktop\codefirst\codefirst>git status
On branch amirhosein
Changes to be committed:
  (use "git restore --staged <file>..." to unstage)
        new file:   amir.txt


C:\Users\amhab\Desktop\codefirst\codefirst>git commit -a -m "add amir.txt"
[amirhosein 4114caf] add amir.txt
 1 file changed, 34 insertions(+)
 create mode 100644 amir.txt

C:\Users\amhab\Desktop\codefirst\codefirst>git status
On branch amirhosein
nothing to commit, working tree clean

C:\Users\amhab\Desktop\codefirst\codefirst>git push origin amirhosein
Enumerating objects: 4, done.
Counting objects: 100% (4/4), done.
Delta compression using up to 8 threads
Compressing objects: 100% (3/3), done.
Writing objects: 100% (3/3), 697 bytes | 697.00 KiB/s, done.
Total 3 (delta 1), reused 0 (delta 0), pack-reused 0
remote: Resolving deltas: 100% (1/1), completed with 1 local object.
remote:
remote: Create a pull request for 'amirhosein' on GitHub by visiting:
remote:      https://github.com/amir-hosein-abdolahi/codefirst/pull/new/amirhosein
remote:
To https://github.com/amir-hosein-abdolahi/codefirst.git
 * [new branch]      amirhosein -> amirhosein

C:\Users\amhab\Desktop\codefirst\codefirst>